// Jest Snapshot v1, https://goo.gl/fbAQLP

exports[`<Loader /> renders loader container and animation 1`] = `
<div>
  <div
    aria-busy="true"
    aria-live="polite"
    class="flex flex-col items-center justify-center h-[70vh] gap-6"
    data-testid="loader-container"
    role="status"
  >
    <div
      class="w-full flex justify-center"
      data-testid="loader-animation"
    >
      <div
        aria-hidden="true"
        class="cat relative w-full max-w-25 overflow-hidden rounded-2xl "
      >
        <div
          class="cat__body"
        />
        <div
          class="cat__body"
        />
        <div
          class="cat__tail"
        />
        <div
          class="cat__head"
        />
      </div>
    </div>
    <span
      class="sr-only"
    >
      Carregando conteúdo...
    </span>
    <noscript />
  </div>
</div>
`;
