// Jest Snapshot v1, https://goo.gl/fbAQLP

exports[`<TitleBlock /> Should renders with default h2 tag and text 1`] = `
<div>
  <div
    class=" mb-16 animate-fade-in"
    data-testid="title-block"
  >
    <h2
      class="text-5xl md:text-6xl font-bold text-[#013274] mb-6 text-left justify-start"
      data-testid="title-text"
    >
      Título Teste
    </h2>
  </div>
</div>
`;
