// Jest Snapshot v1, https://goo.gl/fbAQLP

exports[`<SponsorModal /> renders correctly with image and description 1`] = `
<div>
  <div
    aria-labelledby="sponsor-modal-title"
    aria-modal="true"
    class="fixed inset-0 z-50 bg-black/60 flex items-center justify-center px-4"
    data-testid="sponsor-modal"
    role="dialog"
  >
    <div
      class="relative bg-white rounded-xl shadow-xl w-full max-w-2xl max-h-[95vh] overflow-y-auto p-6"
    >
      <button
        aria-label="Fechar modal"
        class="absolute top-4 right-4 text-gray-600 hover:text-red-600 transition"
        data-testid="close-button"
      >
        <svg
          class="lucide lucide-x w-5 h-5"
          fill="none"
          height="24"
          stroke="currentColor"
          stroke-linecap="round"
          stroke-linejoin="round"
          stroke-width="2"
          viewBox="0 0 24 24"
          width="24"
          xmlns="http://www.w3.org/2000/svg"
        >
          <path
            d="M18 6 6 18"
          />
          <path
            d="m6 6 12 12"
          />
        </svg>
      </button>
      <h2
        class="text-2xl font-bold text-[#013274] mb-4"
        data-testid="modal-title"
        id="sponsor-modal-title"
      >
        Apadrinhar 
        Gato Teste
      </h2>
      <div
        class="relative w-full h-56 mb-6 rounded-lg overflow-hidden shadow"
      >
        <img
          alt="Foto linda"
          class="object-cover"
          data-nimg="fill"
          data-testid="cat-image-Gato Teste"
          decoding="async"
          loading="lazy"
          sizes="(max-width: 768px) 100vw, 640px"
          src="/_next/image?url=%2Fgato.jpg&w=3840&q=75"
          srcset="/_next/image?url=%2Fgato.jpg&w=640&q=75 640w, /_next/image?url=%2Fgato.jpg&w=750&q=75 750w, /_next/image?url=%2Fgato.jpg&w=828&q=75 828w, /_next/image?url=%2Fgato.jpg&w=1080&q=75 1080w, /_next/image?url=%2Fgato.jpg&w=1200&q=75 1200w, /_next/image?url=%2Fgato.jpg&w=1920&q=75 1920w, /_next/image?url=%2Fgato.jpg&w=2048&q=75 2048w, /_next/image?url=%2Fgato.jpg&w=3840&q=75 3840w"
          style="position: absolute; height: 100%; width: 100%; left: 0px; top: 0px; right: 0px; bottom: 0px; color: transparent;"
        />
      </div>
      <p
        class="text-sm text-gray-700 mb-6"
        data-testid="cat-description"
      >
        maluca doidinha
      </p>
      <form
        aria-label="Formulário de apadrinhamento"
        class="space-y-6 bg-white w-full mx-auto"
        data-testid="sponsor-form"
      >
        <div>
          <label
            class="block mb-1 font-semibold text-gray-800"
            for="padrinhoNome"
          >
            Seu nome
          </label>
          <input
            aria-invalid="false"
            class="w-full p-2 border rounded-md focus:ring-2 focus:outline-none border-gray-300"
            data-testid="input-nome"
            id="padrinhoNome"
            name="padrinhoNome"
            placeholder="Ex: João Vítor"
            type="text"
          />
        </div>
        <div>
          <label
            class="block mb-1 font-semibold text-gray-800"
            for="whatsapp"
          >
            WhatsApp
          </label>
          <input
            aria-invalid="false"
            class="w-full p-2 border rounded-md focus:ring-2 focus:outline-none border-gray-300"
            data-testid="input-whatsapp"
            id="whatsapp"
            name="whatsapp"
            placeholder="(00) 00000-0000"
            value=""
          />
        </div>
        <div>
          <label
            class="block mb-1 font-semibold text-gray-800"
            for="padrinhoEmail"
          >
            Seu email
          </label>
          <input
            aria-invalid="false"
            class="w-full p-2 border rounded-md focus:ring-2 focus:outline-none border-gray-300"
            data-testid="input-email"
            id="padrinhoEmail"
            name="padrinhoEmail"
            placeholder="seuemail@exemplo.com"
            type="email"
          />
        </div>
        <div
          class="flex flex-col sm:flex-row sm:items-start sm:gap-4"
        >
          <label
            class="font-semibold text-gray-800 min-w-[180px]"
            for="valorMensal"
          >
            Plano de contribuição
          </label>
          <div
            class="flex flex-col flex-1"
          >
            <select
              aria-invalid="false"
              class="p-2 border rounded-md focus:ring-2 focus:outline-none border-gray-300"
              data-testid="select-plano"
              id="valorMensal"
              name="valorMensal"
            >
              <option
                value=""
              >
                Selecione um plano
              </option>
              <option
                value="R$ 29,90 (Básico)"
              >
                R$ 29,90 (Básico)
              </option>
              <option
                value="R$ 59,90 (Premium)"
              >
                R$ 59,90 (Premium)
              </option>
              <option
                value="R$ 99,90 (Master)"
              >
                R$ 99,90 (Master)
              </option>
            </select>
          </div>
        </div>
        <div
          class="flex flex-col sm:flex-row sm:items-start sm:gap-4"
        >
          <label
            class="font-semibold text-gray-800 min-w-[180px]"
            for="formaPagamento"
          >
            Forma de pagamento
          </label>
          <div
            class="flex flex-col flex-1"
          >
            <select
              aria-invalid="false"
              class="p-2 border rounded-md focus:ring-2 focus:outline-none border-gray-300"
              data-testid="select-pagamento"
              id="formaPagamento"
              name="formaPagamento"
            >
              <option
                value=""
              >
                Selecione
              </option>
              <option
                value="Pix"
              >
                Pix
              </option>
              <option
                value="Dinheiro"
              >
                Dinheiro
              </option>
            </select>
          </div>
        </div>
        <div
          class="space-y-3"
        >
          <label
            class="flex items-center gap-2 text-gray-700"
          >
            <input
              data-testid="checkbox-certificado"
              name="certificadoDigital"
              type="checkbox"
            />
            Deseja receber certificado digital?
          </label>
          <label
            class="flex items-center gap-2 text-gray-700"
          >
            <input
              data-testid="checkbox-visitas"
              name="visitas"
              type="checkbox"
            />
            Gostaria de participar de eventos ou visitas?
          </label>
          <label
            class="flex items-center gap-2 text-gray-700"
          >
            <input
              aria-invalid="false"
              data-testid="checkbox-termos"
              name="aceitaTermos"
              type="checkbox"
            />
            Li e aceito os termos de apadrinhamento
          </label>
        </div>
        <button
          class="w-full bg-[#013274] text-white font-semibold py-2 rounded-md hover:bg-[#012050] transition"
          data-testid="submit-button"
          type="submit"
        >
          Apadrinhar agora
        </button>
      </form>
    </div>
  </div>
</div>
`;
