// Jest Snapshot v1, https://goo.gl/fbAQLP

exports[`<AdoptionSwiper /> renderiza título e conteúdo (RichText) corretamente 1`] = `
<div>
  <section
    class="mx-auto   overflow-hidden divide-y divide-gray-200"
  >
    <div
      class="relative mx-auto w-full  py-6  "
    >
      <div
        class="mb-4 flex items-center justify-center gap-4"
      >
        <div
          class="flex items-center gap-3"
        >
          <h1
            class="text-center font-bold leading-tight text-[#013274] text-2xl sm:text-3xl"
          >
            Como funciona a adoção
          </h1>
        </div>
      </div>
      <div
        class="mb-5 max-w-3xl mx-auto flex items-center justify-center gap-4 text-center text-[#013274]"
      >
        <div
          data-testid="richtext"
        >
          Texto introdutório do RichText
        </div>
      </div>
      <div
        data-props="{"modules":["PaginationMock","A11yMock"],"a11y":{"enabled":true},"spaceBetween":12,"breakpoints":{"375":{"slidesPerView":1},"640":{"slidesPerView":2},"767":{"slidesPerView":2},"990":{"slidesPerView":3},"1280":{"slidesPerView":5}},"pagination":{"clickable":true},"className":"!w-full !pb-8"}"
        data-testid="swiper"
      >
        <div
          class="flex !h-auto items-stretch"
          data-testid="swiper-slide"
        >
          <article
            class="group relative w-full h-full min-h-[220px] sm:min-h-[230px] md:min-h-[240px] lg:min-h-[250px] rounded-2xl bg-white border p-4 sm:p-5 transition-transform border-[#8b9ddb] flex flex-col justify-start break-words hyphens-auto border-r-4 border-b-4"
          >
            <div
              class="mb-3 flex items-center gap-2"
            >
              <div
                aria-label="Etapa 1"
                class="inline-flex h-8 w-8 items-center justify-center rounded-full text-sm font-bold"
                style="background-color: rgba(1, 50, 116, 0.102); color: rgb(1, 50, 116);"
              >
                1
              </div>
            </div>
            <h3
              class="mb-2 text-base sm:text-lg font-semibold"
              style="color: rgb(1, 50, 116); display: -webkit-box; overflow: hidden;"
            >
              Escolha seu gatinho
            </h3>
            <p
              class="text-sm sm:text-base text-slate-600"
              style="display: -webkit-box; overflow: hidden;"
            >
              Encontre o que ganhou seu coração.
            </p>
            <div
              class="mt-auto"
            />
          </article>
        </div>
        <div
          class="flex !h-auto items-stretch"
          data-testid="swiper-slide"
        >
          <article
            class="group relative w-full h-full min-h-[220px] sm:min-h-[230px] md:min-h-[240px] lg:min-h-[250px] rounded-2xl bg-white border p-4 sm:p-5 transition-transform border-[#8b9ddb] flex flex-col justify-start break-words hyphens-auto border-l-4 border-t-4"
          >
            <div
              class="mb-3 flex items-center gap-2"
            >
              <div
                aria-label="Etapa 2"
                class="inline-flex h-8 w-8 items-center justify-center rounded-full text-sm font-bold"
                style="background-color: rgba(1, 50, 116, 0.102); color: rgb(1, 50, 116);"
              >
                2
              </div>
            </div>
            <h3
              class="mb-2 text-base sm:text-lg font-semibold"
              style="color: rgb(1, 50, 116); display: -webkit-box; overflow: hidden;"
            >
              Nosso retorno
            </h3>
            <p
              class="text-sm sm:text-base text-slate-600"
              style="display: -webkit-box; overflow: hidden;"
            >
              Respondemos em até 48h úteis.
            </p>
            <div
              class="mt-auto"
            />
          </article>
        </div>
        <div
          class="flex !h-auto items-stretch"
          data-testid="swiper-slide"
        >
          <article
            class="group relative w-full h-full min-h-[220px] sm:min-h-[230px] md:min-h-[240px] lg:min-h-[250px] rounded-2xl bg-white border p-4 sm:p-5 transition-transform border-[#8b9ddb] flex flex-col justify-start break-words hyphens-auto border-r-4 border-b-4"
          >
            <div
              class="mb-3 flex items-center gap-2"
            >
              <div
                aria-label="Etapa 3"
                class="inline-flex h-8 w-8 items-center justify-center rounded-full text-sm font-bold"
                style="background-color: rgba(1, 50, 116, 0.102); color: rgb(1, 50, 116);"
              >
                3
              </div>
            </div>
            <h3
              class="mb-2 text-base sm:text-lg font-semibold"
              style="color: rgb(1, 50, 116); display: -webkit-box; overflow: hidden;"
            >
              Visita carinhosa
            </h3>
            <p
              class="text-sm sm:text-base text-slate-600"
              style="display: -webkit-box; overflow: hidden;"
            >
              Checamos se o lar está seguro.
            </p>
            <div
              class="mt-auto"
            />
          </article>
        </div>
        <div
          class="flex !h-auto items-stretch"
          data-testid="swiper-slide"
        >
          <article
            class="group relative w-full h-full min-h-[220px] sm:min-h-[230px] md:min-h-[240px] lg:min-h-[250px] rounded-2xl bg-white border p-4 sm:p-5 transition-transform border-[#8b9ddb] flex flex-col justify-start break-words hyphens-auto border-l-4 border-t-4"
          >
            <div
              class="mb-3 flex items-center gap-2"
            >
              <div
                aria-label="Etapa 4"
                class="inline-flex h-8 w-8 items-center justify-center rounded-full text-sm font-bold"
                style="background-color: rgba(1, 50, 116, 0.102); color: rgb(1, 50, 116);"
              >
                4
              </div>
            </div>
            <h3
              class="mb-2 text-base sm:text-lg font-semibold"
              style="color: rgb(1, 50, 116); display: -webkit-box; overflow: hidden;"
            >
              Compromisso de amor
            </h3>
            <p
              class="text-sm sm:text-base text-slate-600"
              style="display: -webkit-box; overflow: hidden;"
            >
              Assinamos o termo de adoção.
            </p>
            <div
              class="mt-auto"
            />
          </article>
        </div>
        <div
          class="flex !h-auto items-stretch"
          data-testid="swiper-slide"
        >
          <article
            class="group relative w-full h-full min-h-[220px] sm:min-h-[230px] md:min-h-[240px] lg:min-h-[250px] rounded-2xl bg-white border p-4 sm:p-5 transition-transform border-[#8b9ddb] flex flex-col justify-start break-words hyphens-auto border-r-4 border-b-4"
          >
            <div
              class="mb-3 flex items-center gap-2"
            >
              <div
                aria-label="Etapa 5"
                class="inline-flex h-8 w-8 items-center justify-center rounded-full text-sm font-bold"
                style="background-color: rgba(1, 50, 116, 0.102); color: rgb(1, 50, 116);"
              >
                5
              </div>
            </div>
            <h3
              class="mb-2 text-base sm:text-lg font-semibold"
              style="color: rgb(1, 50, 116); display: -webkit-box; overflow: hidden;"
            >
              Bem-vindo, novo amigo
            </h3>
            <p
              class="text-sm sm:text-base text-slate-600"
              style="display: -webkit-box; overflow: hidden;"
            >
              Acompanhamos os primeiros passos.
            </p>
            <div
              class="mt-auto"
            />
          </article>
        </div>
      </div>
    </div>
  </section>
</div>
`;
